// Jest Snapshot v1, https://goo.gl/fbAQLP

exports[`renders correctly 1`] = `
<Text
  accessible={true}
  allowFontScaling={true}
  ellipsizeMode="tail"
  style={
    Array [
      Object {
        "fontSize": 20,
        "marginBottom": 20,
        "marginHorizontal": 15,
        "textAlign": "center",
      },
      Object {
        "color": "rgba(255,0,0,1)",
      },
    ]
  }
>
  エラー発生！
  

  test
</Text>
`;
