// Jest Snapshot v1, https://goo.gl/fbAQLP

exports[`renders correctly 1`] = `
<Text
  accessible={true}
  allowFontScaling={true}
  ellipsizeMode="tail"
  onPress={[Function]}
  style={
    Object {
      "fontSize": 10,
      "marginTop": 30,
      "textDecorationLine": "underline",
    }
  }
/>
`;
